Archive member included to satisfy reference by file (symbol)

c:/program files (x86)/stm32cubeide_1.7.0/stm32cubeide/plugins/com.st.stm32cube.ide.mcu.externaltools.gnu-tools-for-stm32.9-2020-q2-update.win32_2.0.0.202105311346/tools/bin/../lib/gcc/arm-none-eabi/9.3.1/../../../../arm-none-eabi/lib/thumb/v7-m/nofp\libc_nano.a(lib_a-errno.o)
                              ./Core/Src/syscalls.o (__errno)
c:/program files (x86)/stm32cubeide_1.7.0/stm32cubeide/plugins/com.st.stm32cube.ide.mcu.externaltools.gnu-tools-for-stm32.9-2020-q2-update.win32_2.0.0.202105311346/tools/bin/../lib/gcc/arm-none-eabi/9.3.1/../../../../arm-none-eabi/lib/thumb/v7-m/nofp\libc_nano.a(lib_a-exit.o)
                              c:/program files (x86)/stm32cubeide_1.7.0/stm32cubeide/plugins/com.st.stm32cube.ide.mcu.externaltools.gnu-tools-for-stm32.9-2020-q2-update.win32_2.0.0.202105311346/tools/bin/../lib/gcc/arm-none-eabi/9.3.1/../../../../arm-none-eabi/lib/thumb/v7-m/nofp/crt0.o (exit)
c:/program files (x86)/stm32cubeide_1.7.0/stm32cubeide/plugins/com.st.stm32cube.ide.mcu.externaltools.gnu-tools-for-stm32.9-2020-q2-update.win32_2.0.0.202105311346/tools/bin/../lib/gcc/arm-none-eabi/9.3.1/../../../../arm-none-eabi/lib/thumb/v7-m/nofp\libc_nano.a(lib_a-impure.o)
                              c:/program files (x86)/stm32cubeide_1.7.0/stm32cubeide/plugins/com.st.stm32cube.ide.mcu.externaltools.gnu-tools-for-stm32.9-2020-q2-update.win32_2.0.0.202105311346/tools/bin/../lib/gcc/arm-none-eabi/9.3.1/../../../../arm-none-eabi/lib/thumb/v7-m/nofp\libc_nano.a(lib_a-exit.o) (_global_impure_ptr)
c:/program files (x86)/stm32cubeide_1.7.0/stm32cubeide/plugins/com.st.stm32cube.ide.mcu.externaltools.gnu-tools-for-stm32.9-2020-q2-update.win32_2.0.0.202105311346/tools/bin/../lib/gcc/arm-none-eabi/9.3.1/../../../../arm-none-eabi/lib/thumb/v7-m/nofp\libc_nano.a(lib_a-init.o)
                              c:/program files (x86)/stm32cubeide_1.7.0/stm32cubeide/plugins/com.st.stm32cube.ide.mcu.externaltools.gnu-tools-for-stm32.9-2020-q2-update.win32_2.0.0.202105311346/tools/bin/../lib/gcc/arm-none-eabi/9.3.1/../../../../arm-none-eabi/lib/thumb/v7-m/nofp/crt0.o (__libc_init_array)
c:/program files (x86)/stm32cubeide_1.7.0/stm32cubeide/plugins/com.st.stm32cube.ide.mcu.externaltools.gnu-tools-for-stm32.9-2020-q2-update.win32_2.0.0.202105311346/tools/bin/../lib/gcc/arm-none-eabi/9.3.1/../../../../arm-none-eabi/lib/thumb/v7-m/nofp\libc_nano.a(lib_a-memset.o)
                              c:/program files (x86)/stm32cubeide_1.7.0/stm32cubeide/plugins/com.st.stm32cube.ide.mcu.externaltools.gnu-tools-for-stm32.9-2020-q2-update.win32_2.0.0.202105311346/tools/bin/../lib/gcc/arm-none-eabi/9.3.1/../../../../arm-none-eabi/lib/thumb/v7-m/nofp/crt0.o (memset)

Allocating common symbols
Common symbol       size              file

timerForKeyPressed  0xc               ./Core/Src/button.o
flag                0x10              ./Core/Src/timerRun.o
uwTick              0x4               ./Drivers/STM32F1xx_HAL_Driver/Src/stm32f1xx_hal.o
keyPressingTimeInSecond
                    0xc               ./Core/Src/button.o
pFlash              0x20              ./Drivers/STM32F1xx_HAL_Driver/Src/stm32f1xx_hal_flash.o
is_button_pressing_flag
                    0xc               ./Core/Src/button.o
button_flag         0xc               ./Core/Src/button.o
keyReg              0x30              ./Core/Src/button.o
count               0x10              ./Core/Src/timerRun.o
htim2               0x48              ./Core/Src/main.o

Discarded input sections

 .text          0x0000000000000000        0x0 c:/program files (x86)/stm32cubeide_1.7.0/stm32cubeide/plugins/com.st.stm32cube.ide.mcu.externaltools.gnu-tools-for-stm32.9-2020-q2-update.win32_2.0.0.202105311346/tools/bin/../lib/gcc/arm-none-eabi/9.3.1/thumb/v7-m/nofp/crti.o
 .data          0x0000000000000000        0x0 c:/program files (x86)/stm32cubeide_1.7.0/stm32cubeide/plugins/com.st.stm32cube.ide.mcu.externaltools.gnu-tools-for-stm32.9-2020-q2-update.win32_2.0.0.202105311346/tools/bin/../lib/gcc/arm-none-eabi/9.3.1/thumb/v7-m/nofp/crti.o
 .bss           0x0000000000000000        0x0 c:/program files (x86)/stm32cubeide_1.7.0/stm32cubeide/plugins/com.st.stm32cube.ide.mcu.externaltools.gnu-tools-for-stm32.9-2020-q2-update.win32_2.0.0.202105311346/tools/bin/../lib/gcc/arm-none-eabi/9.3.1/thumb/v7-m/nofp/crti.o
 .data          0x0000000000000000        0x4 c:/program files (x86)/stm32cubeide_1.7.0/stm32cubeide/plugins/com.st.stm32cube.ide.mcu.externaltools.gnu-tools-for-stm32.9-2020-q2-update.win32_2.0.0.202105311346/tools/bin/../lib/gcc/arm-none-eabi/9.3.1/thumb/v7-m/nofp/crtbegin.o
 .text          0x0000000000000000       0x7c c:/program files (x86)/stm32cubeide_1.7.0/stm32cubeide/plugins/com.st.stm32cube.ide.mcu.externaltools.gnu-tools-for-stm32.9-2020-q2-update.win32_2.0.0.202105311346/tools/bin/../lib/gcc/arm-none-eabi/9.3.1/../../../../arm-none-eabi/lib/thumb/v7-m/nofp/crt0.o
[...]
Memory Configuration

Name             Origin             Length             Attributes
RAM              0x0000000020000000 0x0000000000002800 xrw
FLASH            0x0000000008000000 0x0000000000008000 xr
*default*        0x0000000000000000 0xffffffffffffffff

Linker script and memory map

LOAD c:/program files (x86)/stm32cubeide_1.7.0/stm32cubeide/plugins/com.st.stm32cube.ide.mcu.externaltools.gnu-tools-for-stm32.9-2020-q2-update.win32_2.0.0.202105311346/tools/bin/../lib/gcc/arm-none-eabi/9.3.1/thumb/v7-m/nofp/crti.o
LOAD c:/program files (x86)/stm32cubeide_1.7.0/stm32cubeide/plugins/com.st.stm32cube.ide.mcu.externaltools.gnu-tools-for-stm32.9-2020-q2-update.win32_2.0.0.202105311346/tools/bin/../lib/gcc/arm-none-eabi/9.3.1/thumb/v7-m/nofp/crtbegin.o
LOAD c:/program files (x86)/stm32cubeide_1.7.0/stm32cubeide/plugins/com.st.stm32cube.ide.mcu.externaltools.gnu-tools-for-stm32.9-2020-q2-update.win32_2.0.0.202105311346/tools/bin/../lib/gcc/arm-none-eabi/9.3.1/../../../../arm-none-eabi/lib/thumb/v7-m/nofp/crt0.o
LOAD ./Core/Src/button.o
LOAD ./Core/Src/fsm_traffic_2mode.o
LOAD ./Core/Src/global.o
LOAD ./Core/Src/main.o
LOAD ./Core/Src/stm32f1xx_hal_msp.o
LOAD ./Core/Src/stm32f1xx_it.o
LOAD ./Core/Src/syscalls.o
LOAD ./Core/Src/sysmem.o
LOAD ./Core/Src/system_stm32f1xx.o
LOAD ./Core/Src/timerRun.o
LOAD ./Core/Startup/startup_stm32f103c6tx.o
LOAD ./Drivers/STM32F1xx_HAL_Driver/Src/stm32f1xx_hal.o
LOAD ./Drivers/STM32F1xx_HAL_Driver/Src/stm32f1xx_hal_cortex.o
LOAD ./Drivers/STM32F1xx_HAL_Driver/Src/stm32f1xx_hal_dma.o
LOAD ./Drivers/STM32F1xx_HAL_Driver/Src/stm32f1xx_hal_exti.o
LOAD ./Drivers/STM32F1xx_HAL_Driver/Src/stm32f1xx_hal_flash.o
LOAD ./Drivers/STM32F1xx_HAL_Driver/Src/stm32f1xx_hal_flash_ex.o
LOAD ./Drivers/STM32F1xx_HAL_Driver/Src/stm32f1xx_hal_gpio.o
LOAD ./Drivers/STM32F1xx_HAL_Driver/Src/stm32f1xx_hal_gpio_ex.o
LOAD ./Drivers/STM32F1xx_HAL_Driver/Src/stm32f1xx_hal_pwr.o
LOAD ./Drivers/STM32F1xx_HAL_Driver/Src/stm32f1xx_hal_rcc.o
LOAD ./Drivers/STM32F1xx_HAL_Driver/Src/stm32f1xx_hal_rcc_ex.o
LOAD ./Drivers/STM32F1xx_HAL_Driver/Src/stm32f1xx_hal_tim.o
LOAD ./Drivers/STM32F1xx_HAL_Driver/Src/stm32f1xx_hal_tim_ex.o
START GROUP
LOAD c:/program files (x86)/stm32cubeide_1.7.0/stm32cubeide/plugins/com.st.stm32cube.ide.mcu.externaltools.gnu-tools-for-stm32.9-2020-q2-update.win32_2.0.0.202105311346/tools/bin/../lib/gcc/arm-none-eabi/9.3.1/../../../../arm-none-eabi/lib/thumb/v7-m/nofp\libc_nano.a
LOAD c:/program files (x86)/stm32cubeide_1.7.0/stm32cubeide/plugins/com.st.stm32cube.ide.mcu.externaltools.gnu-tools-for-stm32.9-2020-q2-update.win32_2.0.0.202105311346/tools/bin/../lib/gcc/arm-none-eabi/9.3.1/../../../../arm-none-eabi/lib/thumb/v7-m/nofp\libm.a
END GROUP
START GROUP
LOAD c:/program files (x86)/stm32cubeide_1.7.0/stm32cubeide/plugins/com.st.stm32cube.ide.mcu.externaltools.gnu-tools-for-stm32.9-2020-q2-update.win32_2.0.0.202105311346/tools/bin/../lib/gcc/arm-none-eabi/9.3.1/thumb/v7-m/nofp\libgcc.a
LOAD c:/program files (x86)/stm32cubeide_1.7.0/stm32cubeide/plugins/com.st.stm32cube.ide.mcu.externaltools.gnu-tools-for-stm32.9-2020-q2-update.win32_2.0.0.202105311346/tools/bin/../lib/gcc/arm-none-eabi/9.3.1/../../../../arm-none-eabi/lib/thumb/v7-m/nofp\libc_nano.a
END GROUP
START GROUP
LOAD c:/program files (x86)/stm32cubeide_1.7.0/stm32cubeide/plugins/com.st.stm32cube.ide.mcu.externaltools.gnu-tools-for-stm32.9-2020-q2-update.win32_2.0.0.202105311346/tools/bin/../lib/gcc/arm-none-eabi/9.3.1/thumb/v7-m/nofp\libgcc.a
LOAD c:/program files (x86)/stm32cubeide_1.7.0/stm32cubeide/plugins/com.st.stm32cube.ide.mcu.externaltools.gnu-tools-for-stm32.9-2020-q2-update.win32_2.0.0.202105311346/tools/bin/../lib/gcc/arm-none-eabi/9.3.1/../../../../arm-none-eabi/lib/thumb/v7-m/nofp\libc_nano.a
LOAD c:/program files (x86)/stm32cubeide_1.7.0/stm32cubeide/plugins/com.st.stm32cube.ide.mcu.externaltools.gnu-tools-for-stm32.9-2020-q2-update.win32_2.0.0.202105311346/tools/bin/../lib/gcc/arm-none-eabi/9.3.1/../../../../arm-none-eabi/lib/thumb/v7-m/nofp\libnosys.a
END GROUP
START GROUP
LOAD c:/program files (x86)/stm32cubeide_1.7.0/stm32cubeide/plugins/com.st.stm32cube.ide.mcu.externaltools.gnu-tools-for-stm32.9-2020-q2-update.win32_2.0.0.202105311346/tools/bin/../lib/gcc/arm-none-eabi/9.3.1/thumb/v7-m/nofp\libgcc.a
LOAD c:/program files (x86)/stm32cubeide_1.7.0/stm32cubeide/plugins/com.st.stm32cube.ide.mcu.externaltools.gnu-tools-for-stm32.9-2020-q2-update.win32_2.0.0.202105311346/tools/bin/../lib/gcc/arm-none-eabi/9.3.1/../../../../arm-none-eabi/lib/thumb/v7-m/nofp\libc_nano.a
LOAD c:/program files (x86)/stm32cubeide_1.7.0/stm32cubeide/plugins/com.st.stm32cube.ide.mcu.externaltools.gnu-tools-for-stm32.9-2020-q2-update.win32_2.0.0.202105311346/tools/bin/../lib/gcc/arm-none-eabi/9.3.1/../../../../arm-none-eabi/lib/thumb/v7-m/nofp\libnosys.a
END GROUP
LOAD c:/program files (x86)/stm32cubeide_1.7.0/stm32cubeide/plugins/com.st.stm32cube.ide.mcu.externaltools.gnu-tools-for-stm32.9-2020-q2-update.win32_2.0.0.202105311346/tools/bin/../lib/gcc/arm-none-eabi/9.3.1/thumb/v7-m/nofp/crtend.o
LOAD c:/program files (x86)/stm32cubeide_1.7.0/stm32cubeide/plugins/com.st.stm32cube.ide.mcu.externaltools.gnu-tools-for-stm32.9-2020-q2-update.win32_2.0.0.202105311346/tools/bin/../lib/gcc/arm-none-eabi/9.3.1/thumb/v7-m/nofp/crtn.o
                0x0000000020002800                _estack = (ORIGIN (RAM) + LENGTH (RAM))
                0x0000000000000200                _Min_Heap_Size = 0x200
                0x0000000000000400                _Min_Stack_Size = 0x400

.isr_vector     0x0000000008000000      0x10c
                0x0000000008000000                . = ALIGN (0x4)
 *(.isr_vector)
 .isr_vector    0x0000000008000000      0x10c ./Core/Startup/startup_stm32f103c6tx.o
                0x0000000008000000                g_pfnVectors
                0x000000000800010c                . = ALIGN (0x4)

.text           0x000000000800010c     0x1e9c
                0x000000000800010c                . = ALIGN (0x4)
 *(.text)
 .text          0x000000000800010c       0x40 c:/program files (x86)/stm32cubeide_1.7.0/stm32cubeide/plugins/com.st.stm32cube.ide.mcu.externaltools.gnu-tools-for-stm32.9-2020-q2-update.win32_2.0.0.202105311346/tools/bin/../lib/gcc/arm-none-eabi/9.3.1/thumb/v7-m/nofp/crtbegin.o
 *(.text*)
 .text.isButtonPressed
                0x000000000800014c       0x34 ./Core/Src/button.o
                0x000000000800014c                isButtonPressed
 .text.subKeyProcess
                0x0000000008000180       0x20 ./Core/Src/button.o
                0x0000000008000180                subKeyProcess
 .text.subKeyPressingProcess
                0x00000000080001a0       0x20 ./Core/Src/button.o
                0x00000000080001a0                subKeyPressingProcess
 .text.getKeyInput
                0x00000000080001c0      0x138 ./Core/Src/button.o
                0x00000000080001c0                getKeyInput
 .text.fsm_traffic_2mode
                0x00000000080002f8      0x1c0 ./Core/Src/fsm_traffic_2mode.o
                0x00000000080002f8                fsm_traffic_2mode
 .text.startTrafficLight
                0x00000000080004b8       0x2c ./Core/Src/fsm_traffic_2mode.o
                0x00000000080004b8                startTrafficLight
 .text.main     0x00000000080004e4       0x28 ./Core/Src/main.o
                0x00000000080004e4                main
 .text.SystemClock_Config
                0x000000000800050c       0x76 ./Core/Src/main.o
                0x000000000800050c                SystemClock_Config
 *fill*         0x0000000008000582        0x2 
 .text.MX_TIM2_Init
                0x0000000008000584       0x98 ./Core/Src/main.o
 .text.MX_GPIO_Init
                0x000000000800061c       0xc4 ./Core/Src/main.o
 .text.HAL_TIM_PeriodElapsedCallback
                0x00000000080006e0       0x22 ./Core/Src/main.o
                0x00000000080006e0                HAL_TIM_PeriodElapsedCallback
 .text.Error_Handler
                0x0000000008000702        0xa ./Core/Src/main.o
                0x0000000008000702                Error_Handler
 .text.HAL_MspInit
                0x000000000800070c       0x64 ./Core/Src/stm32f1xx_hal_msp.o
                0x000000000800070c                HAL_MspInit
 .text.HAL_TIM_Base_MspInit
                0x0000000008000770       0x48 ./Core/Src/stm32f1xx_hal_msp.o
                0x0000000008000770                HAL_TIM_Base_MspInit
 .text.NMI_Handler
                0x00000000080007b8        0x6 ./Core/Src/stm32f1xx_it.o
                0x00000000080007b8                NMI_Handler
 .text.HardFault_Handler
                0x00000000080007be        0x6 ./Core/Src/stm32f1xx_it.o
                0x00000000080007be                HardFault_Handler
 .text.MemManage_Handler
                0x00000000080007c4        0x6 ./Core/Src/stm32f1xx_it.o
                0x00000000080007c4                MemManage_Handler
 .text.BusFault_Handler
                0x00000000080007ca        0x6 ./Core/Src/stm32f1xx_it.o
                0x00000000080007ca                BusFault_Handler
 .text.UsageFault_Handler
                0x00000000080007d0        0x6 ./Core/Src/stm32f1xx_it.o
                0x00000000080007d0                UsageFault_Handler
 .text.SVC_Handler
                0x00000000080007d6        0xc ./Core/Src/stm32f1xx_it.o
                0x00000000080007d6                SVC_Handler
 .text.DebugMon_Handler
                0x00000000080007e2        0xc ./Core/Src/stm32f1xx_it.o
                0x00000000080007e2                DebugMon_Handler
 .text.PendSV_Handler
                0x00000000080007ee        0xc ./Core/Src/stm32f1xx_it.o
                0x00000000080007ee                PendSV_Handler
 .text.SysTick_Handler
                0x00000000080007fa        0xc ./Core/Src/stm32f1xx_it.o
                0x00000000080007fa                SysTick_Handler
 *fill*         0x0000000008000806        0x2 
 .text.TIM2_IRQHandler
                0x0000000008000808       0x14 ./Core/Src/stm32f1xx_it.o
                0x0000000008000808                TIM2_IRQHandler
 .text.SystemInit
                0x000000000800081c        0xc ./Core/Src/system_stm32f1xx.o
                0x000000000800081c                SystemInit
 .text.setTimer
                0x0000000008000828       0x34 ./Core/Src/timerRun.o
                0x0000000008000828                setTimer
 .text.isTimerDone
                0x000000000800085c       0x34 ./Core/Src/timerRun.o
                0x000000000800085c                isTimerDone
 .text.timerRun
                0x0000000008000890       0x60 ./Core/Src/timerRun.o
                0x0000000008000890                timerRun
 .text.Reset_Handler
                0x00000000080008f0       0x48 ./Core/Startup/startup_stm32f103c6tx.o
                0x00000000080008f0                Reset_Handler
 .text.Default_Handler
                0x0000000008000938        0x2 ./Core/Startup/startup_stm32f103c6tx.o
                0x0000000008000938                RTC_Alarm_IRQHandler
                0x0000000008000938                EXTI2_IRQHandler
                0x0000000008000938                TIM1_CC_IRQHandler
                0x0000000008000938                PVD_IRQHandler
                0x0000000008000938                EXTI3_IRQHandler
                0x0000000008000938                EXTI0_IRQHandler
                0x0000000008000938                ADC1_2_IRQHandler
                0x0000000008000938                SPI1_IRQHandler
                0x0000000008000938                TAMPER_IRQHandler
                0x0000000008000938                DMA1_Channel4_IRQHandler
                0x0000000008000938                RTC_IRQHandler
                0x0000000008000938                DMA1_Channel7_IRQHandler
                0x0000000008000938                CAN1_RX1_IRQHandler
                0x0000000008000938                I2C1_EV_IRQHandler
                0x0000000008000938                DMA1_Channel6_IRQHandler
                0x0000000008000938                TIM3_IRQHandler
                0x0000000008000938                RCC_IRQHandler
                0x0000000008000938                TIM1_TRG_COM_IRQHandler
                0x0000000008000938                DMA1_Channel1_IRQHandler
                0x0000000008000938                Default_Handler
                0x0000000008000938                EXTI15_10_IRQHandler
                0x0000000008000938                EXTI9_5_IRQHandler
                0x0000000008000938                DMA1_Channel5_IRQHandler
                0x0000000008000938                EXTI4_IRQHandler
                0x0000000008000938                USB_LP_CAN1_RX0_IRQHandler
                0x0000000008000938                USB_HP_CAN1_TX_IRQHandler
                0x0000000008000938                DMA1_Channel3_IRQHandler
                0x0000000008000938                TIM1_UP_IRQHandler
                0x0000000008000938                WWDG_IRQHandler
                0x0000000008000938                TIM1_BRK_IRQHandler
                0x0000000008000938                EXTI1_IRQHandler
                0x0000000008000938                USART2_IRQHandler
                0x0000000008000938                DMA1_Channel2_IRQHandler
                0x0000000008000938                CAN1_SCE_IRQHandler
                0x0000000008000938                FLASH_IRQHandler
                0x0000000008000938                USART1_IRQHandler
                0x0000000008000938                I2C1_ER_IRQHandler
                0x0000000008000938                USBWakeUp_IRQHandler
 *fill*         0x000000000800093a        0x2 
 .text.HAL_Init
                0x000000000800093c       0x2c ./Drivers/STM32F1xx_HAL_Driver/Src/stm32f1xx_hal.o
                0x000000000800093c                HAL_Init
 .text.HAL_InitTick
                0x0000000008000968       0x60 ./Drivers/STM32F1xx_HAL_Driver/Src/stm32f1xx_hal.o
                0x0000000008000968                HAL_InitTick
 .text.HAL_IncTick
                0x00000000080009c8       0x24 ./Drivers/STM32F1xx_HAL_Driver/Src/stm32f1xx_hal.o
                0x00000000080009c8                HAL_IncTick
 .text.HAL_GetTick
                0x00000000080009ec       0x14 ./Drivers/STM32F1xx_HAL_Driver/Src/stm32f1xx_hal.o
                0x00000000080009ec                HAL_GetTick
 .text.__NVIC_SetPriorityGrouping
                0x0000000008000a00       0x48 ./Drivers/STM32F1xx_HAL_Driver/Src/stm32f1xx_hal_cortex.o
 .text.__NVIC_GetPriorityGrouping
                0x0000000008000a48       0x1c ./Drivers/STM32F1xx_HAL_Driver/Src/stm32f1xx_hal_cortex.o
 .text.__NVIC_EnableIRQ
                0x0000000008000a64       0x38 ./Drivers/STM32F1xx_HAL_Driver/Src/stm32f1xx_hal_cortex.o
 .text.__NVIC_SetPriority
                0x0000000008000a9c       0x54 ./Drivers/STM32F1xx_HAL_Driver/Src/stm32f1xx_hal_cortex.o
 .text.NVIC_EncodePriority
                0x0000000008000af0       0x64 ./Drivers/STM32F1xx_HAL_Driver/Src/stm32f1xx_hal_cortex.o
 .text.SysTick_Config
                0x0000000008000b54       0x44 ./Drivers/STM32F1xx_HAL_Driver/Src/stm32f1xx_hal_cortex.o
 .text.HAL_NVIC_SetPriorityGrouping
                0x0000000008000b98       0x16 ./Drivers/STM32F1xx_HAL_Driver/Src/stm32f1xx_hal_cortex.o
                0x0000000008000b98                HAL_NVIC_SetPriorityGrouping
 .text.HAL_NVIC_SetPriority
                0x0000000008000bae       0x38 ./Drivers/STM32F1xx_HAL_Driver/Src/stm32f1xx_hal_cortex.o
                0x0000000008000bae                HAL_NVIC_SetPriority
 .text.HAL_NVIC_EnableIRQ
                0x0000000008000be6       0x1c ./Drivers/STM32F1xx_HAL_Driver/Src/stm32f1xx_hal_cortex.o
                0x0000000008000be6                HAL_NVIC_EnableIRQ
 .text.HAL_SYSTICK_Config
                0x0000000008000c02       0x18 ./Drivers/STM32F1xx_HAL_Driver/Src/stm32f1xx_hal_cortex.o
                0x0000000008000c02                HAL_SYSTICK_Config
 *fill*         0x0000000008000c1a        0x2 
 .text.HAL_GPIO_Init
                0x0000000008000c1c      0x2f4 ./Drivers/STM32F1xx_HAL_Driver/Src/stm32f1xx_hal_gpio.o
                0x0000000008000c1c                HAL_GPIO_Init
 .text.HAL_GPIO_ReadPin
                0x0000000008000f10       0x2e ./Drivers/STM32F1xx_HAL_Driver/Src/stm32f1xx_hal_gpio.o
                0x0000000008000f10                HAL_GPIO_ReadPin
 .text.HAL_GPIO_WritePin
                0x0000000008000f3e       0x30 ./Drivers/STM32F1xx_HAL_Driver/Src/stm32f1xx_hal_gpio.o
                0x0000000008000f3e                HAL_GPIO_WritePin
 .text.HAL_GPIO_TogglePin
                0x0000000008000f6e       0x32 ./Drivers/STM32F1xx_HAL_Driver/Src/stm32f1xx_hal_gpio.o
                0x0000000008000f6e                HAL_GPIO_TogglePin
 .text.HAL_RCC_OscConfig
                0x0000000008000fa0      0x500 ./Drivers/STM32F1xx_HAL_Driver/Src/stm32f1xx_hal_rcc.o
                0x0000000008000fa0                HAL_RCC_OscConfig
 .text.HAL_RCC_ClockConfig
                0x00000000080014a0      0x1d4 ./Drivers/STM32F1xx_HAL_Driver/Src/stm32f1xx_hal_rcc.o
                0x00000000080014a0                HAL_RCC_ClockConfig
 .text.HAL_RCC_GetSysClockFreq
                0x0000000008001674       0xc0 ./Drivers/STM32F1xx_HAL_Driver/Src/stm32f1xx_hal_rcc.o
                0x0000000008001674                HAL_RCC_GetSysClockFreq
 .text.RCC_Delay
                0x0000000008001734       0x3c ./Drivers/STM32F1xx_HAL_Driver/Src/stm32f1xx_hal_rcc.o
 .text.HAL_TIM_Base_Init
                0x0000000008001770       0x9e ./Drivers/STM32F1xx_HAL_Driver/Src/stm32f1xx_hal_tim.o
                0x0000000008001770                HAL_TIM_Base_Init
 *fill*         0x000000000800180e        0x2 
 .text.HAL_TIM_Base_Start_IT
                0x0000000008001810       0x98 ./Drivers/STM32F1xx_HAL_Driver/Src/stm32f1xx_hal_tim.o
                0x0000000008001810                HAL_TIM_Base_Start_IT
 .text.HAL_TIM_IRQHandler
                0x00000000080018a8      0x210 ./Drivers/STM32F1xx_HAL_Driver/Src/stm32f1xx_hal_tim.o
                0x00000000080018a8                HAL_TIM_IRQHandler
 .text.HAL_TIM_ConfigClockSource
                0x0000000008001ab8      0x188 ./Drivers/STM32F1xx_HAL_Driver/Src/stm32f1xx_hal_tim.o
                0x0000000008001ab8                HAL_TIM_ConfigClockSource
 .text.HAL_TIM_OC_DelayElapsedCallback
                0x0000000008001c40       0x12 ./Drivers/STM32F1xx_HAL_Driver/Src/stm32f1xx_hal_tim.o
                0x0000000008001c40                HAL_TIM_OC_DelayElapsedCallback
 .text.HAL_TIM_IC_CaptureCallback
                0x0000000008001c52       0x12 ./Drivers/STM32F1xx_HAL_Driver/Src/stm32f1xx_hal_tim.o
                0x0000000008001c52                HAL_TIM_IC_CaptureCallback
 .text.HAL_TIM_PWM_PulseFinishedCallback
                0x0000000008001c64       0x12 ./Drivers/STM32F1xx_HAL_Driver/Src/stm32f1xx_hal_tim.o
                0x0000000008001c64                HAL_TIM_PWM_PulseFinishedCallback
 .text.HAL_TIM_TriggerCallback
                0x0000000008001c76       0x12 ./Drivers/STM32F1xx_HAL_Driver/Src/stm32f1xx_hal_tim.o
                0x0000000008001c76                HAL_TIM_TriggerCallback
 .text.TIM_Base_SetConfig
                0x0000000008001c88       0xb0 ./Drivers/STM32F1xx_HAL_Driver/Src/stm32f1xx_hal_tim.o
                0x0000000008001c88                TIM_Base_SetConfig
 .text.TIM_TI1_ConfigInputStage
                0x0000000008001d38       0x5c ./Drivers/STM32F1xx_HAL_Driver/Src/stm32f1xx_hal_tim.o
 .text.TIM_TI2_ConfigInputStage
                0x0000000008001d94       0x5e ./Drivers/STM32F1xx_HAL_Driver/Src/stm32f1xx_hal_tim.o
 .text.TIM_ITRx_SetConfig
                0x0000000008001df2       0x34 ./Drivers/STM32F1xx_HAL_Driver/Src/stm32f1xx_hal_tim.o
 .text.TIM_ETR_SetConfig
                0x0000000008001e26       0x3e ./Drivers/STM32F1xx_HAL_Driver/Src/stm32f1xx_hal_tim.o
                0x0000000008001e26                TIM_ETR_SetConfig
 .text.HAL_TIMEx_MasterConfigSynchronization
                0x0000000008001e64       0xb0 ./Drivers/STM32F1xx_HAL_Driver/Src/stm32f1xx_hal_tim_ex.o
                0x0000000008001e64                HAL_TIMEx_MasterConfigSynchronization
 .text.HAL_TIMEx_CommutCallback
                0x0000000008001f14       0x12 ./Drivers/STM32F1xx_HAL_Driver/Src/stm32f1xx_hal_tim_ex.o
                0x0000000008001f14                HAL_TIMEx_CommutCallback
 .text.HAL_TIMEx_BreakCallback
                0x0000000008001f26       0x12 ./Drivers/STM32F1xx_HAL_Driver/Src/stm32f1xx_hal_tim_ex.o
                0x0000000008001f26                HAL_TIMEx_BreakCallback
 .text.__libc_init_array
                0x0000000008001f38       0x48 c:/program files (x86)/stm32cubeide_1.7.0/stm32cubeide/plugins/com.st.stm32cube.ide.mcu.externaltools.gnu-tools-for-stm32.9-2020-q2-update.win32_2.0.0.202105311346/tools/bin/../lib/gcc/arm-none-eabi/9.3.1/../../../../arm-none-eabi/lib/thumb/v7-m/nofp\libc_nano.a(lib_a-init.o)
                0x0000000008001f38                __libc_init_array
 .text.memset   0x0000000008001f80       0x10 c:/program files (x86)/stm32cubeide_1.7.0/stm32cubeide/plugins/com.st.stm32cube.ide.mcu.externaltools.gnu-tools-for-stm32.9-2020-q2-update.win32_2.0.0.202105311346/tools/bin/../lib/gcc/arm-none-eabi/9.3.1/../../../../arm-none-eabi/lib/thumb/v7-m/nofp\libc_nano.a(lib_a-memset.o)
                0x0000000008001f80                memset
 *(.glue_7)
 .glue_7        0x0000000008001f90        0x0 linker stubs
 *(.glue_7t)
 .glue_7t       0x0000000008001f90        0x0 linker stubs
 *(.eh_frame)
 .eh_frame      0x0000000008001f90        0x0 c:/program files (x86)/stm32cubeide_1.7.0/stm32cubeide/plugins/com.st.stm32cube.ide.mcu.externaltools.gnu-tools-for-stm32.9-2020-q2-update.win32_2.0.0.202105311346/tools/bin/../lib/gcc/arm-none-eabi/9.3.1/thumb/v7-m/nofp/crtbegin.o
 *(.init)
 .init          0x0000000008001f90        0x4 c:/program files (x86)/stm32cubeide_1.7.0/stm32cubeide/plugins/com.st.stm32cube.ide.mcu.externaltools.gnu-tools-for-stm32.9-2020-q2-update.win32_2.0.0.202105311346/tools/bin/../lib/gcc/arm-none-eabi/9.3.1/thumb/v7-m/nofp/crti.o
                0x0000000008001f90                _init
 .init          0x0000000008001f94        0x8 c:/program files (x86)/stm32cubeide_1.7.0/stm32cubeide/plugins/com.st.stm32cube.ide.mcu.externaltools.gnu-tools-for-stm32.9-2020-q2-update.win32_2.0.0.202105311346/tools/bin/../lib/gcc/arm-none-eabi/9.3.1/thumb/v7-m/nofp/crtn.o
 *(.fini)
 .fini          0x0000000008001f9c        0x4 c:/program files (x86)/stm32cubeide_1.7.0/stm32cubeide/plugins/com.st.stm32cube.ide.mcu.externaltools.gnu-tools-for-stm32.9-2020-q2-update.win32_2.0.0.202105311346/tools/bin/../lib/gcc/arm-none-eabi/9.3.1/thumb/v7-m/nofp/crti.o
                0x0000000008001f9c                _fini
 .fini          0x0000000008001fa0        0x8 c:/program files (x86)/stm32cubeide_1.7.0/stm32cubeide/plugins/com.st.stm32cube.ide.mcu.externaltools.gnu-tools-for-stm32.9-2020-q2-update.win32_2.0.0.202105311346/tools/bin/../lib/gcc/arm-none-eabi/9.3.1/thumb/v7-m/nofp/crtn.o
                0x0000000008001fa8                . = ALIGN (0x4)
                0x0000000008001fa8                _etext = .

.vfp11_veneer   0x0000000008001fa8        0x0
 .vfp11_veneer  0x0000000008001fa8        0x0 linker stubs

.v4_bx          0x0000000008001fa8        0x0
 .v4_bx         0x0000000008001fa8        0x0 linker stubs

.iplt           0x0000000008001fa8        0x0
 .iplt          0x0000000008001fa8        0x0 c:/program files (x86)/stm32cubeide_1.7.0/stm32cubeide/plugins/com.st.stm32cube.ide.mcu.externaltools.gnu-tools-for-stm32.9-2020-q2-update.win32_2.0.0.202105311346/tools/bin/../lib/gcc/arm-none-eabi/9.3.1/thumb/v7-m/nofp/crtbegin.o

.rodata         0x0000000008001fa8       0x28
                0x0000000008001fa8                . = ALIGN (0x4)
 *(.rodata)
 .rodata        0x0000000008001fa8       0x10 ./Drivers/STM32F1xx_HAL_Driver/Src/stm32f1xx_hal_rcc.o
 *(.rodata*)
 .rodata.buttonPin
                0x0000000008001fb8        0x6 ./Core/Src/button.o
                0x0000000008001fb8                buttonPin
 *fill*         0x0000000008001fbe        0x2 
 .rodata.AHBPrescTable
                0x0000000008001fc0       0x10 ./Core/Src/system_stm32f1xx.o
                0x0000000008001fc0                AHBPrescTable
                0x0000000008001fd0                . = ALIGN (0x4)

.rel.dyn        0x0000000008001fd0        0x0
 .rel.iplt      0x0000000008001fd0        0x0 c:/program files (x86)/stm32cubeide_1.7.0/stm32cubeide/plugins/com.st.stm32cube.ide.mcu.externaltools.gnu-tools-for-stm32.9-2020-q2-update.win32_2.0.0.202105311346/tools/bin/../lib/gcc/arm-none-eabi/9.3.1/thumb/v7-m/nofp/crtbegin.o

.ARM.extab      0x0000000008001fd0        0x0
                0x0000000008001fd0                . = ALIGN (0x4)
 *(.ARM.extab* .gnu.linkonce.armextab.*)
                0x0000000008001fd0                . = ALIGN (0x4)

.ARM            0x0000000008001fd0        0x0
                0x0000000008001fd0                . = ALIGN (0x4)
                0x0000000008001fd0                __exidx_start = .
 *(.ARM.exidx*)
                0x0000000008001fd0                __exidx_end = .
                0x0000000008001fd0                . = ALIGN (0x4)

.preinit_array  0x0000000008001fd0        0x0
                0x0000000008001fd0                . = ALIGN (0x4)
                0x0000000008001fd0                PROVIDE (__preinit_array_start = .)
 *(.preinit_array*)
                0x0000000008001fd0                PROVIDE (__preinit_array_end = .)
                0x0000000008001fd0                . = ALIGN (0x4)

.init_array     0x0000000008001fd0        0x4
                0x0000000008001fd0                . = ALIGN (0x4)
                0x0000000008001fd0                PROVIDE (__init_array_start = .)
 *(SORT_BY_NAME(.init_array.*))
 *(.init_array*)
 .init_array    0x0000000008001fd0        0x4 c:/program files (x86)/stm32cubeide_1.7.0/stm32cubeide/plugins/com.st.stm32cube.ide.mcu.externaltools.gnu-tools-for-stm32.9-2020-q2-update.win32_2.0.0.202105311346/tools/bin/../lib/gcc/arm-none-eabi/9.3.1/thumb/v7-m/nofp/crtbegin.o
                0x0000000008001fd4                PROVIDE (__init_array_end = .)
                0x0000000008001fd4                . = ALIGN (0x4)

.fini_array     0x0000000008001fd4        0x4
                0x0000000008001fd4                . = ALIGN (0x4)
                [!provide]                        PROVIDE (__fini_array_start = .)
 *(SORT_BY_NAME(.fini_array.*))
 *(.fini_array*)
 .fini_array    0x0000000008001fd4        0x4 c:/program files (x86)/stm32cubeide_1.7.0/stm32cubeide/plugins/com.st.stm32cube.ide.mcu.externaltools.gnu-tools-for-stm32.9-2020-q2-update.win32_2.0.0.202105311346/tools/bin/../lib/gcc/arm-none-eabi/9.3.1/thumb/v7-m/nofp/crtbegin.o
                [!provide]                        PROVIDE (__fini_array_end = .)
                0x0000000008001fd8                . = ALIGN (0x4)
                0x0000000008001fd8                _sidata = LOADADDR (.data)

.data           0x0000000020000000       0x28 load address 0x0000000008001fd8
                0x0000000020000000                . = ALIGN (0x4)
                0x0000000020000000                _sdata = .
 *(.data)
 *(.data*)
 .data.buttonPort
                0x0000000020000000        0xc ./Core/Src/button.o
                0x0000000020000000                buttonPort
 .data.mode     0x000000002000000c        0x4 ./Core/Src/fsm_traffic_2mode.o
                0x000000002000000c                mode
 .data.countdownForTrafficLight
                0x0000000020000010        0xc ./Core/Src/fsm_traffic_2mode.o
                0x0000000020000010                countdownForTrafficLight
 .data.SystemCoreClock
                0x000000002000001c        0x4 ./Core/Src/system_stm32f1xx.o
                0x000000002000001c                SystemCoreClock
 .data.uwTickPrio
                0x0000000020000020        0x4 ./Drivers/STM32F1xx_HAL_Driver/Src/stm32f1xx_hal.o
                0x0000000020000020                uwTickPrio
 .data.uwTickFreq
                0x0000000020000024        0x1 ./Drivers/STM32F1xx_HAL_Driver/Src/stm32f1xx_hal.o
                0x0000000020000024                uwTickFreq
 *(.RamFunc)
 *(.RamFunc*)
                0x0000000020000028                . = ALIGN (0x4)
 *fill*         0x0000000020000025        0x3 
                0x0000000020000028                _edata = .

.igot.plt       0x0000000020000028        0x0 load address 0x0000000008002000
 .igot.plt      0x0000000020000028        0x0 c:/program files (x86)/stm32cubeide_1.7.0/stm32cubeide/plugins/com.st.stm32cube.ide.mcu.externaltools.gnu-tools-for-stm32.9-2020-q2-update.win32_2.0.0.202105311346/tools/bin/../lib/gcc/arm-none-eabi/9.3.1/thumb/v7-m/nofp/crtbegin.o
                0x0000000020000028                . = ALIGN (0x4)

.bss            0x0000000020000028       0xe8 load address 0x0000000008002000
                0x0000000020000028                _sbss = .
                0x0000000020000028                __bss_start__ = _sbss
 *(.bss)
 .bss           0x0000000020000028       0x1c c:/program files (x86)/stm32cubeide_1.7.0/stm32cubeide/plugins/com.st.stm32cube.ide.mcu.externaltools.gnu-tools-for-stm32.9-2020-q2-update.win32_2.0.0.202105311346/tools/bin/../lib/gcc/arm-none-eabi/9.3.1/thumb/v7-m/nofp/crtbegin.o
 *(.bss*)
 *(COMMON)
 COMMON         0x0000000020000044       0x60 ./Core/Src/button.o
                0x0000000020000044                timerForKeyPressed
                0x0000000020000050                keyPressingTimeInSecond
                0x000000002000005c                is_button_pressing_flag
                0x0000000020000068                button_flag
                0x0000000020000074                keyReg
 COMMON         0x00000000200000a4       0x48 ./Core/Src/main.o
                0x00000000200000a4                htim2
 COMMON         0x00000000200000ec       0x20 ./Core/Src/timerRun.o
                0x00000000200000ec                flag
                0x00000000200000fc                count
 COMMON         0x000000002000010c        0x4 ./Drivers/STM32F1xx_HAL_Driver/Src/stm32f1xx_hal.o
                0x000000002000010c                uwTick
                0x0000000020000110                . = ALIGN (0x4)
                0x0000000020000110                _ebss = .
                0x0000000020000110                __bss_end__ = _ebss

._user_heap_stack
                0x0000000020000110      0x600 load address 0x0000000008002000
                0x0000000020000110                . = ALIGN (0x8)
                [!provide]                        PROVIDE (end = .)
                0x0000000020000110                PROVIDE (_end = .)
                0x0000000020000310                . = (. + _Min_Heap_Size)
 *fill*         0x0000000020000110      0x200 
                0x0000000020000710                . = (. + _Min_Stack_Size)
 *fill*         0x0000000020000310      0x400 
                0x0000000020000710                . = ALIGN (0x8)

/DISCARD/
 libc.a(*)
 libm.a(*)
 libgcc.a(*)

.ARM.attributes
                0x0000000000000000       0x29
 *(.ARM.attributes)
 .ARM.attributes
                0x0000000000000000       0x1d c:/program files (x86)/stm32cubeide_1.7.0/stm32cubeide/plugins/com.st.stm32cube.ide.mcu.externaltools.gnu-tools-for-stm32.9-2020-q2-update.win32_2.0.0.202105311346/tools/bin/../lib/gcc/arm-none-eabi/9.3.1/thumb/v7-m/nofp/crti.o
 .ARM.attributes
                0x000000000000001d       0x2d c:/program files (x86)/stm32cubeide_1.7.0/stm32cubeide/plugins/com.st.stm32cube.ide.mcu.externaltools.gnu-tools-for-stm32.9-2020-q2-update.win32_2.0.0.202105311346/tools/bin/../lib/gcc/arm-none-eabi/9.3.1/thumb/v7-m/nofp/crtbegin.o
 .ARM.attributes
                0x000000000000004a       0x2d ./Core/Src/button.o
 .ARM.attributes
                0x0000000000000077       0x2d ./Core/Src/fsm_traffic_2mode.o
 .ARM.attributes
                0x00000000000000a4       0x2d ./Core/Src/main.o
 .ARM.attributes
                0x00000000000000d1       0x2d ./Core/Src/stm32f1xx_hal_msp.o
 .ARM.attributes
                0x00000000000000fe       0x2d ./Core/Src/stm32f1xx_it.o
 .ARM.attributes
                0x000000000000012b       0x2d ./Core/Src/system_stm32f1xx.o
 .ARM.attributes
                0x0000000000000158       0x2d ./Core/Src/timerRun.o
 .ARM.attributes
                0x0000000000000185       0x21 ./Core/Startup/startup_stm32f103c6tx.o
 .ARM.attributes
                0x00000000000001a6       0x2d ./Drivers/STM32F1xx_HAL_Driver/Src/stm32f1xx_hal.o
 .ARM.attributes
                0x00000000000001d3       0x2d ./Drivers/STM32F1xx_HAL_Driver/Src/stm32f1xx_hal_cortex.o
 .ARM.attributes
                0x0000000000000200       0x2d ./Drivers/STM32F1xx_HAL_Driver/Src/stm32f1xx_hal_gpio.o
 .ARM.attributes
                0x000000000000022d       0x2d ./Drivers/STM32F1xx_HAL_Driver/Src/stm32f1xx_hal_rcc.o
 .ARM.attributes
                0x000000000000025a       0x2d ./Drivers/STM32F1xx_HAL_Driver/Src/stm32f1xx_hal_tim.o
 .ARM.attributes
                0x0000000000000287       0x2d ./Drivers/STM32F1xx_HAL_Driver/Src/stm32f1xx_hal_tim_ex.o
 .ARM.attributes
                0x00000000000002b4       0x2d c:/program files (x86)/stm32cubeide_1.7.0/stm32cubeide/plugins/com.st.stm32cube.ide.mcu.externaltools.gnu-tools-for-stm32.9-2020-q2-update.win32_2.0.0.202105311346/tools/bin/../lib/gcc/arm-none-eabi/9.3.1/../../../../arm-none-eabi/lib/thumb/v7-m/nofp\libc_nano.a(lib_a-init.o)
 .ARM.attributes
                0x00000000000002e1       0x2d c:/program files (x86)/stm32cubeide_1.7.0/stm32cubeide/plugins/com.st.stm32cube.ide.mcu.externaltools.gnu-tools-for-stm32.9-2020-q2-update.win32_2.0.0.202105311346/tools/bin/../lib/gcc/arm-none-eabi/9.3.1/../../../../arm-none-eabi/lib/thumb/v7-m/nofp\libc_nano.a(lib_a-memset.o)
 .ARM.attributes
                0x000000000000030e       0x1d c:/program files (x86)/stm32cubeide_1.7.0/stm32cubeide/plugins/com.st.stm32cube.ide.mcu.externaltools.gnu-tools-for-stm32.9-2020-q2-update.win32_2.0.0.202105311346/tools/bin/../lib/gcc/arm-none-eabi/9.3.1/thumb/v7-m/nofp/crtn.o
OUTPUT(trafficLight_2mode.elf elf32-littlearm)
LOAD linker stubs
LOAD c:/program files (x86)/stm32cubeide_1.7.0/stm32cubeide/plugins/com.st.stm32cube.ide.mcu.externaltools.gnu-tools-for-stm32.9-2020-q2-update.win32_2.0.0.202105311346/tools/bin/../lib/gcc/arm-none-eabi/9.3.1/../../../../arm-none-eabi/lib/thumb/v7-m/nofp\libc.a
LOAD c:/program files (x86)/stm32cubeide_1.7.0/stm32cubeide/plugins/com.st.stm32cube.ide.mcu.externaltools.gnu-tools-for-stm32.9-2020-q2-update.win32_2.0.0.202105311346/tools/bin/../lib/gcc/arm-none-eabi/9.3.1/../../../../arm-none-eabi/lib/thumb/v7-m/nofp\libm.a
LOAD c:/program files (x86)/stm32cubeide_1.7.0/stm32cubeide/plugins/com.st.stm32cube.ide.mcu.externaltools.gnu-tools-for-stm32.9-2020-q2-update.win32_2.0.0.202105311346/tools/bin/../lib/gcc/arm-none-eabi/9.3.1/thumb/v7-m/nofp\libgcc.a

.debug_info     0x0000000000000000     0x8b02
 .debug_info    0x0000000000000000      0x415 ./Core/Src/button.o
 .debug_info    0x0000000000000415      0x295 ./Core/Src/fsm_traffic_2mode.o
 .debug_info    0x00000000000006aa      0xb90 ./Core/Src/main.o
 .debug_info    0x000000000000123a      0xa04 ./Core/Src/stm32f1xx_hal_msp.o
 .debug_info    0x0000000000001c3e      0x7b4 ./Core/Src/stm32f1xx_it.o
 .debug_info    0x00000000000023f2      0x2be ./Core/Src/system_stm32f1xx.o
 .debug_info    0x00000000000026b0      0x27d ./Core/Src/timerRun.o
 .debug_info    0x000000000000292d       0x22 ./Core/Startup/startup_stm32f103c6tx.o
 .debug_info    0x000000000000294f      0x74c ./Drivers/STM32F1xx_HAL_Driver/Src/stm32f1xx_hal.o
 .debug_info    0x000000000000309b      0xbbe ./Drivers/STM32F1xx_HAL_Driver/Src/stm32f1xx_hal_cortex.o
 .debug_info    0x0000000000003c59      0x701 ./Drivers/STM32F1xx_HAL_Driver/Src/stm32f1xx_hal_gpio.o
 .debug_info    0x000000000000435a      0x88e ./Drivers/STM32F1xx_HAL_Driver/Src/stm32f1xx_hal_rcc.o
 .debug_info    0x0000000000004be8     0x2a45 ./Drivers/STM32F1xx_HAL_Driver/Src/stm32f1xx_hal_tim.o
 .debug_info    0x000000000000762d     0x14d5 ./Drivers/STM32F1xx_HAL_Driver/Src/stm32f1xx_hal_tim_ex.o

.debug_abbrev   0x0000000000000000     0x18d1
 .debug_abbrev  0x0000000000000000      0x193 ./Core/Src/button.o
 .debug_abbrev  0x0000000000000193      0x127 ./Core/Src/fsm_traffic_2mode.o
 .debug_abbrev  0x00000000000002ba      0x22c ./Core/Src/main.o
 .debug_abbrev  0x00000000000004e6      0x1b7 ./Core/Src/stm32f1xx_hal_msp.o
 .debug_abbrev  0x000000000000069d      0x176 ./Core/Src/stm32f1xx_it.o
 .debug_abbrev  0x0000000000000813      0x14e ./Core/Src/system_stm32f1xx.o
 .debug_abbrev  0x0000000000000961      0x13f ./Core/Src/timerRun.o
 .debug_abbrev  0x0000000000000aa0       0x12 ./Core/Startup/startup_stm32f103c6tx.o
 .debug_abbrev  0x0000000000000ab2      0x1ed ./Drivers/STM32F1xx_HAL_Driver/Src/stm32f1xx_hal.o
 .debug_abbrev  0x0000000000000c9f      0x313 ./Drivers/STM32F1xx_HAL_Driver/Src/stm32f1xx_hal_cortex.o
 .debug_abbrev  0x0000000000000fb2      0x1e8 ./Drivers/STM32F1xx_HAL_Driver/Src/stm32f1xx_hal_gpio.o
 .debug_abbrev  0x000000000000119a      0x273 ./Drivers/STM32F1xx_HAL_Driver/Src/stm32f1xx_hal_rcc.o
 .debug_abbrev  0x000000000000140d      0x25e ./Drivers/STM32F1xx_HAL_Driver/Src/stm32f1xx_hal_tim.o
 .debug_abbrev  0x000000000000166b      0x266 ./Drivers/STM32F1xx_HAL_Driver/Src/stm32f1xx_hal_tim_ex.o

.debug_aranges  0x0000000000000000      0x9d8
 .debug_aranges
                0x0000000000000000       0x48 ./Core/Src/button.o
 .debug_aranges
                0x0000000000000048       0x28 ./Core/Src/fsm_traffic_2mode.o
 .debug_aranges
                0x0000000000000070       0x48 ./Core/Src/main.o
 .debug_aranges
                0x00000000000000b8       0x30 ./Core/Src/stm32f1xx_hal_msp.o
 .debug_aranges
                0x00000000000000e8       0x68 ./Core/Src/stm32f1xx_it.o
 .debug_aranges
                0x0000000000000150       0x28 ./Core/Src/system_stm32f1xx.o
 .debug_aranges
                0x0000000000000178       0x38 ./Core/Src/timerRun.o
 .debug_aranges
                0x00000000000001b0       0x28 ./Core/Startup/startup_stm32f103c6tx.o
 .debug_aranges
                0x00000000000001d8       0xe0 ./Drivers/STM32F1xx_HAL_Driver/Src/stm32f1xx_hal.o
 .debug_aranges
                0x00000000000002b8      0x100 ./Drivers/STM32F1xx_HAL_Driver/Src/stm32f1xx_hal_cortex.o
 .debug_aranges
                0x00000000000003b8       0x58 ./Drivers/STM32F1xx_HAL_Driver/Src/stm32f1xx_hal_gpio.o
 .debug_aranges
                0x0000000000000410       0x90 ./Drivers/STM32F1xx_HAL_Driver/Src/stm32f1xx_hal_rcc.o
 .debug_aranges
                0x00000000000004a0      0x3d0 ./Drivers/STM32F1xx_HAL_Driver/Src/stm32f1xx_hal_tim.o
 .debug_aranges
                0x0000000000000870      0x168 ./Drivers/STM32F1xx_HAL_Driver/Src/stm32f1xx_hal_tim_ex.o

.debug_ranges   0x0000000000000000      0x900
 .debug_ranges  0x0000000000000000       0x38 ./Core/Src/button.o
 .debug_ranges  0x0000000000000038       0x18 ./Core/Src/fsm_traffic_2mode.o
 .debug_ranges  0x0000000000000050       0x38 ./Core/Src/main.o
 .debug_ranges  0x0000000000000088       0x20 ./Core/Src/stm32f1xx_hal_msp.o
 .debug_ranges  0x00000000000000a8       0x58 ./Core/Src/stm32f1xx_it.o
 .debug_ranges  0x0000000000000100       0x18 ./Core/Src/system_stm32f1xx.o
 .debug_ranges  0x0000000000000118       0x28 ./Core/Src/timerRun.o
 .debug_ranges  0x0000000000000140       0x20 ./Core/Startup/startup_stm32f103c6tx.o
 .debug_ranges  0x0000000000000160       0xd0 ./Drivers/STM32F1xx_HAL_Driver/Src/stm32f1xx_hal.o
 .debug_ranges  0x0000000000000230       0xf0 ./Drivers/STM32F1xx_HAL_Driver/Src/stm32f1xx_hal_cortex.o
 .debug_ranges  0x0000000000000320       0x48 ./Drivers/STM32F1xx_HAL_Driver/Src/stm32f1xx_hal_gpio.o
 .debug_ranges  0x0000000000000368       0x80 ./Drivers/STM32F1xx_HAL_Driver/Src/stm32f1xx_hal_rcc.o
 .debug_ranges  0x00000000000003e8      0x3c0 ./Drivers/STM32F1xx_HAL_Driver/Src/stm32f1xx_hal_tim.o
 .debug_ranges  0x00000000000007a8      0x158 ./Drivers/STM32F1xx_HAL_Driver/Src/stm32f1xx_hal_tim_ex.o

.debug_macro    0x0000000000000000    0x1687a
 .debug_macro   0x0000000000000000      0x1e8 ./Core/Src/button.o
 .debug_macro   0x00000000000001e8      0xa9c ./Core/Src/button.o
 .debug_macro   0x0000000000000c84      0x215 ./Core/Src/button.o
 .debug_macro   0x0000000000000e99       0x2e ./Core/Src/button.o
 .debug_macro   0x0000000000000ec7       0x22 ./Core/Src/button.o
 .debug_macro   0x0000000000000ee9       0x22 ./Core/Src/button.o
 .debug_macro   0x0000000000000f0b       0x8e ./Core/Src/button.o
 .debug_macro   0x0000000000000f99       0x51 ./Core/Src/button.o
 .debug_macro   0x0000000000000fea      0x103 ./Core/Src/button.o
 .debug_macro   0x00000000000010ed       0x6a ./Core/Src/button.o
 .debug_macro   0x0000000000001157      0x1df ./Core/Src/button.o
 .debug_macro   0x0000000000001336       0x1c ./Core/Src/button.o
 .debug_macro   0x0000000000001352       0x22 ./Core/Src/button.o
 .debug_macro   0x0000000000001374       0xc3 ./Core/Src/button.o
 .debug_macro   0x0000000000001437      0xd23 ./Core/Src/button.o
 .debug_macro   0x000000000000215a     0xde75 ./Core/Src/button.o
 .debug_macro   0x000000000000ffcf       0x6d ./Core/Src/button.o
 .debug_macro   0x000000000001003c     0x3468 ./Core/Src/button.o
 .debug_macro   0x00000000000134a4      0x174 ./Core/Src/button.o
 .debug_macro   0x0000000000013618       0x5c ./Core/Src/button.o
 .debug_macro   0x0000000000013674      0x5be ./Core/Src/button.o
 .debug_macro   0x0000000000013c32      0x1b7 ./Core/Src/button.o
 .debug_macro   0x0000000000013de9      0x1cb ./Core/Src/button.o
 .debug_macro   0x0000000000013fb4      0x114 ./Core/Src/button.o
 .debug_macro   0x00000000000140c8      0x1b2 ./Core/Src/button.o
 .debug_macro   0x000000000001427a       0x27 ./Core/Src/button.o
 .debug_macro   0x00000000000142a1      0x12f ./Core/Src/button.o
 .debug_macro   0x00000000000143d0      0x1bc ./Core/Src/button.o
 .debug_macro   0x000000000001458c       0x34 ./Core/Src/button.o
 .debug_macro   0x00000000000145c0       0x3c ./Core/Src/button.o
 .debug_macro   0x00000000000145fc       0x57 ./Core/Src/button.o
 .debug_macro   0x0000000000014653       0x88 ./Core/Src/button.o
 .debug_macro   0x00000000000146db      0x183 ./Core/Src/button.o
 .debug_macro   0x000000000001485e      0x141 ./Core/Src/button.o
 .debug_macro   0x000000000001499f      0x8d1 ./Core/Src/button.o
 .debug_macro   0x0000000000015270       0x69 ./Core/Src/button.o
 .debug_macro   0x00000000000152d9       0xf4 ./Core/Src/button.o
 .debug_macro   0x00000000000153cd       0x10 ./Core/Src/button.o
 .debug_macro   0x00000000000153dd      0x1d2 ./Core/Src/fsm_traffic_2mode.o
 .debug_macro   0x00000000000155af       0x16 ./Core/Src/fsm_traffic_2mode.o
 .debug_macro   0x00000000000155c5      0x1d6 ./Core/Src/main.o
 .debug_macro   0x000000000001579b      0x1a7 ./Core/Src/stm32f1xx_hal_msp.o
 .debug_macro   0x0000000000015942      0x1b1 ./Core/Src/stm32f1xx_it.o
 .debug_macro   0x0000000000015af3      0x198 ./Core/Src/system_stm32f1xx.o
 .debug_macro   0x0000000000015c8b      0x1bd ./Core/Src/timerRun.o
 .debug_macro   0x0000000000015e48      0x1bc ./Drivers/STM32F1xx_HAL_Driver/Src/stm32f1xx_hal.o
 .debug_macro   0x0000000000016004      0x198 ./Drivers/STM32F1xx_HAL_Driver/Src/stm32f1xx_hal_cortex.o
 .debug_macro   0x000000000001619c      0x203 ./Drivers/STM32F1xx_HAL_Driver/Src/stm32f1xx_hal_gpio.o
 .debug_macro   0x000000000001639f      0x1aa ./Drivers/STM32F1xx_HAL_Driver/Src/stm32f1xx_hal_rcc.o
 .debug_macro   0x0000000000016549      0x199 ./Drivers/STM32F1xx_HAL_Driver/Src/stm32f1xx_hal_tim.o
 .debug_macro   0x00000000000166e2      0x198 ./Drivers/STM32F1xx_HAL_Driver/Src/stm32f1xx_hal_tim_ex.o

.debug_line     0x0000000000000000     0xae45
 .debug_line    0x0000000000000000      0x858 ./Core/Src/button.o
 .debug_line    0x0000000000000858      0x7c6 ./Core/Src/fsm_traffic_2mode.o
 .debug_line    0x000000000000101e      0x831 ./Core/Src/main.o
 .debug_line    0x000000000000184f      0x714 ./Core/Src/stm32f1xx_hal_msp.o
 .debug_line    0x0000000000001f63      0x7b2 ./Core/Src/stm32f1xx_it.o
 .debug_line    0x0000000000002715      0x756 ./Core/Src/system_stm32f1xx.o
 .debug_line    0x0000000000002e6b      0x776 ./Core/Src/timerRun.o
 .debug_line    0x00000000000035e1       0x87 ./Core/Startup/startup_stm32f103c6tx.o
 .debug_line    0x0000000000003668      0x983 ./Drivers/STM32F1xx_HAL_Driver/Src/stm32f1xx_hal.o
 .debug_line    0x0000000000003feb      0xb6b ./Drivers/STM32F1xx_HAL_Driver/Src/stm32f1xx_hal_cortex.o
 .debug_line    0x0000000000004b56      0xa04 ./Drivers/STM32F1xx_HAL_Driver/Src/stm32f1xx_hal_gpio.o
 .debug_line    0x000000000000555a      0xd91 ./Drivers/STM32F1xx_HAL_Driver/Src/stm32f1xx_hal_rcc.o
 .debug_line    0x00000000000062eb     0x32e1 ./Drivers/STM32F1xx_HAL_Driver/Src/stm32f1xx_hal_tim.o
 .debug_line    0x00000000000095cc     0x1879 ./Drivers/STM32F1xx_HAL_Driver/Src/stm32f1xx_hal_tim_ex.o

.debug_str      0x0000000000000000    0x820a7
 .debug_str     0x0000000000000000    0x7f69a ./Core/Src/button.o
                                      0x7f9ed (size before relaxing)
 .debug_str     0x000000000007f69a       0x76 ./Core/Src/fsm_traffic_2mode.o
                                      0x7f940 (size before relaxing)
 .debug_str     0x000000000007f710      0x6df ./Core/Src/main.o
                                      0x80070 (size before relaxing)
 .debug_str     0x000000000007fdef      0x2ba ./Core/Src/stm32f1xx_hal_msp.o
                                      0x8003c (size before relaxing)
 .debug_str     0x00000000000800a9       0xcd ./Core/Src/stm32f1xx_it.o
                                      0x7fd9e (size before relaxing)
 .debug_str     0x0000000000080176       0x52 ./Core/Src/system_stm32f1xx.o
                                      0x7f4fb (size before relaxing)
 .debug_str     0x00000000000801c8       0x76 ./Core/Src/timerRun.o
                                      0x7f8ac (size before relaxing)
 .debug_str     0x000000000008023e       0x36 ./Core/Startup/startup_stm32f103c6tx.o
                                         0x66 (size before relaxing)
 .debug_str     0x0000000000080274      0x304 ./Drivers/STM32F1xx_HAL_Driver/Src/stm32f1xx_hal.o
                                      0x7fb52 (size before relaxing)
 .debug_str     0x0000000000080578      0x300 ./Drivers/STM32F1xx_HAL_Driver/Src/stm32f1xx_hal_cortex.o
                                      0x7fb5a (size before relaxing)
 .debug_str     0x0000000000080878      0x324 ./Drivers/STM32F1xx_HAL_Driver/Src/stm32f1xx_hal_gpio.o
                                      0x7f8bf (size before relaxing)
 .debug_str     0x0000000000080b9c      0x24f ./Drivers/STM32F1xx_HAL_Driver/Src/stm32f1xx_hal_rcc.o
                                      0x7f8f8 (size before relaxing)
 .debug_str     0x0000000000080deb      0xdce ./Drivers/STM32F1xx_HAL_Driver/Src/stm32f1xx_hal_tim.o
                                      0x808ca (size before relaxing)
 .debug_str     0x0000000000081bb9      0x4ee ./Drivers/STM32F1xx_HAL_Driver/Src/stm32f1xx_hal_tim_ex.o
                                      0x8007b (size before relaxing)

.comment        0x0000000000000000       0x53
 .comment       0x0000000000000000       0x53 ./Core/Src/button.o
                                         0x54 (size before relaxing)
 .comment       0x0000000000000053       0x54 ./Core/Src/fsm_traffic_2mode.o
 .comment       0x0000000000000053       0x54 ./Core/Src/main.o
 .comment       0x0000000000000053       0x54 ./Core/Src/stm32f1xx_hal_msp.o
 .comment       0x0000000000000053       0x54 ./Core/Src/stm32f1xx_it.o
 .comment       0x0000000000000053       0x54 ./Core/Src/system_stm32f1xx.o
 .comment       0x0000000000000053       0x54 ./Core/Src/timerRun.o
 .comment       0x0000000000000053       0x54 ./Drivers/STM32F1xx_HAL_Driver/Src/stm32f1xx_hal.o
 .comment       0x0000000000000053       0x54 ./Drivers/STM32F1xx_HAL_Driver/Src/stm32f1xx_hal_cortex.o
 .comment       0x0000000000000053       0x54 ./Drivers/STM32F1xx_HAL_Driver/Src/stm32f1xx_hal_gpio.o
 .comment       0x0000000000000053       0x54 ./Drivers/STM32F1xx_HAL_Driver/Src/stm32f1xx_hal_rcc.o
 .comment       0x0000000000000053       0x54 ./Drivers/STM32F1xx_HAL_Driver/Src/stm32f1xx_hal_tim.o
 .comment       0x0000000000000053       0x54 ./Drivers/STM32F1xx_HAL_Driver/Src/stm32f1xx_hal_tim_ex.o

.debug_frame    0x0000000000000000     0x27c0
 .debug_frame   0x0000000000000000       0xfc ./Core/Src/button.o
 .debug_frame   0x00000000000000fc       0x48 ./Core/Src/fsm_traffic_2mode.o
 .debug_frame   0x0000000000000144       0xd4 ./Core/Src/main.o
 .debug_frame   0x0000000000000218       0x80 ./Core/Src/stm32f1xx_hal_msp.o
 .debug_frame   0x0000000000000298      0x120 ./Core/Src/stm32f1xx_it.o
 .debug_frame   0x00000000000003b8       0x58 ./Core/Src/system_stm32f1xx.o
 .debug_frame   0x0000000000000410       0xb0 ./Core/Src/timerRun.o
 .debug_frame   0x00000000000004c0      0x334 ./Drivers/STM32F1xx_HAL_Driver/Src/stm32f1xx_hal.o
 .debug_frame   0x00000000000007f4      0x428 ./Drivers/STM32F1xx_HAL_Driver/Src/stm32f1xx_hal_cortex.o
 .debug_frame   0x0000000000000c1c      0x14c ./Drivers/STM32F1xx_HAL_Driver/Src/stm32f1xx_hal_gpio.o
 .debug_frame   0x0000000000000d68      0x21c ./Drivers/STM32F1xx_HAL_Driver/Src/stm32f1xx_hal_rcc.o
 .debug_frame   0x0000000000000f84     0x11b8 ./Drivers/STM32F1xx_HAL_Driver/Src/stm32f1xx_hal_tim.o
 .debug_frame   0x000000000000213c      0x638 ./Drivers/STM32F1xx_HAL_Driver/Src/stm32f1xx_hal_tim_ex.o
 .debug_frame   0x0000000000002774       0x2c c:/program files (x86)/stm32cubeide_1.7.0/stm32cubeide/plugins/com.st.stm32cube.ide.mcu.externaltools.gnu-tools-for-stm32.9-2020-q2-update.win32_2.0.0.202105311346/tools/bin/../lib/gcc/arm-none-eabi/9.3.1/../../../../arm-none-eabi/lib/thumb/v7-m/nofp\libc_nano.a(lib_a-init.o)
 .debug_frame   0x00000000000027a0       0x20 c:/program files (x86)/stm32cubeide_1.7.0/stm32cubeide/plugins/com.st.stm32cube.ide.mcu.externaltools.gnu-tools-for-stm32.9-2020-q2-update.win32_2.0.0.202105311346/tools/bin/../lib/gcc/arm-none-eabi/9.3.1/../../../../arm-none-eabi/lib/thumb/v7-m/nofp\libc_nano.a(lib_a-memset.o)
